// Jest Snapshot v1, https://goo.gl/fbAQLP

exports[`Nav Matches the snapshot 1`] = `
<Nav>
  <nav>
    <button>
      List
    </button>
    <button>
      Map
    </button>
  </nav>
</Nav>
`;
